// Jest Snapshot v1, https://goo.gl/fbAQLP

exports[`Header.vue 利用快照，进行样式提示 1`] = `
VueWrapper {
  "_emitted": Object {},
  "_emittedByOrder": Array [],
  "isFunctionalComponent": undefined,
}
`;
